Archive member included to satisfy reference by file (symbol)

c:/nxp/s32ds_power_v2.1/s32ds/build_tools/powerpc-eabivle-4_9/bin/../lib/gcc/powerpc-eabivle/4.9.4/e200z4/fp\libgcc.a(eabivle.o)
                              ./src/main.o (__eabi)

Allocating common symbols
Common symbol       size              file

data                0x4               ./src/CAN.o

Discarded input sections

 .text          0x00000000        0x0 c:/nxp/s32ds_power_v2.1/s32ds/build_tools/powerpc-eabivle-4_9/bin/../lib/gcc/powerpc-eabivle/4.9.4/e200z4/fp/ecrti.o
 .data          0x00000000        0x0 c:/nxp/s32ds_power_v2.1/s32ds/build_tools/powerpc-eabivle-4_9/bin/../lib/gcc/powerpc-eabivle/4.9.4/e200z4/fp/ecrti.o
 .bss           0x00000000        0x0 c:/nxp/s32ds_power_v2.1/s32ds/build_tools/powerpc-eabivle-4_9/bin/../lib/gcc/powerpc-eabivle/4.9.4/e200z4/fp/ecrti.o
 .fixup         0x00000000        0x0 c:/nxp/s32ds_power_v2.1/s32ds/build_tools/powerpc-eabivle-4_9/bin/../lib/gcc/powerpc-eabivle/4.9.4/e200z4/fp/ecrti.o
 .sbss          0x00000000        0x0 c:/nxp/s32ds_power_v2.1/s32ds/build_tools/powerpc-eabivle-4_9/bin/../lib/gcc/powerpc-eabivle/4.9.4/e200z4/fp/ecrti.o
 .sbss2         0x00000000        0x0 c:/nxp/s32ds_power_v2.1/s32ds/build_tools/powerpc-eabivle-4_9/bin/../lib/gcc/powerpc-eabivle/4.9.4/e200z4/fp/ecrti.o
 .gcc_except_table
                0x00000000        0x0 c:/nxp/s32ds_power_v2.1/s32ds/build_tools/powerpc-eabivle-4_9/bin/../lib/gcc/powerpc-eabivle/4.9.4/e200z4/fp/ecrti.o
 .data          0x00000000        0x4 c:/nxp/s32ds_power_v2.1/s32ds/build_tools/powerpc-eabivle-4_9/bin/../lib/gcc/powerpc-eabivle/4.9.4/e200z4/fp/crtbegin.o
 .text          0x00000000        0x0 ./Project_Settings/Startup_Code/startup.o
 .data          0x00000000        0x0 ./Project_Settings/Startup_Code/startup.o
 .bss           0x00000000        0x0 ./Project_Settings/Startup_Code/startup.o
 .group         0x00000000        0x8 ./src/ADC.o
 .group         0x00000000        0x8 ./src/ADC.o
 .group         0x00000000        0x8 ./src/ADC.o
 .group         0x00000000        0x8 ./src/ADC.o
 .group         0x00000000        0x8 ./src/ADC.o
 .group         0x00000000        0x8 ./src/ADC.o
 .group         0x00000000        0x8 ./src/ADC.o
 .group         0x00000000        0x8 ./src/ADC.o
 .group         0x00000000        0x8 ./src/ADC.o
 .group         0x00000000        0x8 ./src/ADC.o
 .group         0x00000000        0x8 ./src/ADC.o
 .group         0x00000000        0x8 ./src/ADC.o
 .group         0x00000000        0x8 ./src/ADC.o
 .text          0x00000000        0x0 ./src/ADC.o
 .data          0x00000000        0x0 ./src/ADC.o
 .bss           0x00000000        0x0 ./src/ADC.o
 .group         0x00000000        0x8 ./src/CAN.o
 .group         0x00000000        0x8 ./src/CAN.o
 .group         0x00000000        0x8 ./src/CAN.o
 .group         0x00000000        0x8 ./src/CAN.o
 .group         0x00000000        0x8 ./src/CAN.o
 .group         0x00000000        0x8 ./src/CAN.o
 .group         0x00000000        0x8 ./src/CAN.o
 .group         0x00000000        0x8 ./src/CAN.o
 .group         0x00000000        0x8 ./src/CAN.o
 .group         0x00000000        0x8 ./src/CAN.o
 .group         0x00000000        0x8 ./src/CAN.o
 .group         0x00000000        0x8 ./src/CAN.o
 .group         0x00000000        0x8 ./src/CAN.o
 .text          0x00000000        0x0 ./src/CAN.o
 .data          0x00000000        0x0 ./src/CAN.o
 .bss           0x00000000        0x0 ./src/CAN.o
 .sbss.u8_txdata
                0x00000000        0x1 ./src/CAN.o
 .sbss.u8_rxdata
                0x00000000        0x1 ./src/CAN.o
 .text.CAN_SUIL2_Init
                0x00000000       0xde ./src/CAN.o
 .text.PIT_Init
                0x00000000       0x3c ./src/CAN.o
 .text.PIT_ISR  0x00000000       0x54 ./src/CAN.o
 .text.FlexCAN0_Init
                0x00000000      0x1c4 ./src/CAN.o
 .text.FlexCAN1_Init
                0x00000000      0x1de ./src/CAN.o
 .text.TransmitMsg
                0x00000000       0x8e ./src/CAN.o
 .text.ReceiveMsg
                0x00000000       0x80 ./src/CAN.o
 .text.CAN_init_SPI0
                0x00000000       0x38 ./src/CAN.o
 .text.CAN_read_data_SPI_0
                0x00000000       0x50 ./src/CAN.o
 .debug_macro   0x00000000      0x61c ./src/CAN.o
 .debug_macro   0x00000000       0x52 ./src/CAN.o
 .debug_macro   0x00000000       0xa0 ./src/CAN.o
 .debug_macro   0x00000000       0x16 ./src/CAN.o
 .debug_macro   0x00000000       0x5e ./src/CAN.o
 .debug_macro   0x00000000      0x1aa ./src/CAN.o
 .debug_macro   0x00000000      0x13a ./src/CAN.o
 .debug_macro   0x00000000       0x9d ./src/CAN.o
 .debug_macro   0x00000000       0x10 ./src/CAN.o
 .debug_macro   0x00000000      0x15b ./src/CAN.o
 .debug_macro   0x00000000       0x28 ./src/CAN.o
 .debug_macro   0x00000000       0x58 ./src/CAN.o
 .debug_macro   0x00000000     0xb50a ./src/CAN.o
 .group         0x00000000        0x8 ./src/MPC57xx__Interrupt_Init.o
 .group         0x00000000        0x8 ./src/MPC57xx__Interrupt_Init.o
 .group         0x00000000        0x8 ./src/MPC57xx__Interrupt_Init.o
 .group         0x00000000        0x8 ./src/MPC57xx__Interrupt_Init.o
 .group         0x00000000        0x8 ./src/MPC57xx__Interrupt_Init.o
 .group         0x00000000        0x8 ./src/MPC57xx__Interrupt_Init.o
 .group         0x00000000        0x8 ./src/MPC57xx__Interrupt_Init.o
 .group         0x00000000        0x8 ./src/MPC57xx__Interrupt_Init.o
 .group         0x00000000        0x8 ./src/MPC57xx__Interrupt_Init.o
 .group         0x00000000        0x8 ./src/MPC57xx__Interrupt_Init.o
 .group         0x00000000        0x8 ./src/MPC57xx__Interrupt_Init.o
 .group         0x00000000        0x8 ./src/MPC57xx__Interrupt_Init.o
 .group         0x00000000        0x8 ./src/MPC57xx__Interrupt_Init.o
 .group         0x00000000        0x8 ./src/MPC57xx__Interrupt_Init.o
 .text          0x00000000        0x0 ./src/MPC57xx__Interrupt_Init.o
 .data          0x00000000        0x0 ./src/MPC57xx__Interrupt_Init.o
 .bss           0x00000000        0x0 ./src/MPC57xx__Interrupt_Init.o
 .debug_macro   0x00000000      0x61c ./src/MPC57xx__Interrupt_Init.o
 .debug_macro   0x00000000       0x52 ./src/MPC57xx__Interrupt_Init.o
 .debug_macro   0x00000000       0xa0 ./src/MPC57xx__Interrupt_Init.o
 .debug_macro   0x00000000       0x16 ./src/MPC57xx__Interrupt_Init.o
 .debug_macro   0x00000000       0x5e ./src/MPC57xx__Interrupt_Init.o
 .debug_macro   0x00000000      0x1aa ./src/MPC57xx__Interrupt_Init.o
 .debug_macro   0x00000000      0x13a ./src/MPC57xx__Interrupt_Init.o
 .debug_macro   0x00000000       0x9d ./src/MPC57xx__Interrupt_Init.o
 .debug_macro   0x00000000       0x10 ./src/MPC57xx__Interrupt_Init.o
 .debug_macro   0x00000000      0x15b ./src/MPC57xx__Interrupt_Init.o
 .debug_macro   0x00000000       0x28 ./src/MPC57xx__Interrupt_Init.o
 .debug_macro   0x00000000       0x58 ./src/MPC57xx__Interrupt_Init.o
 .debug_macro   0x00000000     0xb50a ./src/MPC57xx__Interrupt_Init.o
 .group         0x00000000        0x8 ./src/PWM.o
 .group         0x00000000        0x8 ./src/PWM.o
 .group         0x00000000        0x8 ./src/PWM.o
 .group         0x00000000        0x8 ./src/PWM.o
 .group         0x00000000        0x8 ./src/PWM.o
 .group         0x00000000        0x8 ./src/PWM.o
 .group         0x00000000        0x8 ./src/PWM.o
 .group         0x00000000        0x8 ./src/PWM.o
 .group         0x00000000        0x8 ./src/PWM.o
 .group         0x00000000        0x8 ./src/PWM.o
 .group         0x00000000        0x8 ./src/PWM.o
 .group         0x00000000        0x8 ./src/PWM.o
 .group         0x00000000        0x8 ./src/PWM.o
 .text          0x00000000        0x0 ./src/PWM.o
 .data          0x00000000        0x0 ./src/PWM.o
 .bss           0x00000000        0x0 ./src/PWM.o
 .text.FlexPWM_Init
                0x00000000      0x100 ./src/PWM.o
 .debug_macro   0x00000000      0x61c ./src/PWM.o
 .debug_macro   0x00000000       0x52 ./src/PWM.o
 .debug_macro   0x00000000       0xa0 ./src/PWM.o
 .debug_macro   0x00000000       0x16 ./src/PWM.o
 .debug_macro   0x00000000       0x5e ./src/PWM.o
 .debug_macro   0x00000000      0x1aa ./src/PWM.o
 .debug_macro   0x00000000      0x13a ./src/PWM.o
 .debug_macro   0x00000000       0x9d ./src/PWM.o
 .debug_macro   0x00000000       0x10 ./src/PWM.o
 .debug_macro   0x00000000      0x15b ./src/PWM.o
 .debug_macro   0x00000000       0x28 ./src/PWM.o
 .debug_macro   0x00000000       0x58 ./src/PWM.o
 .debug_macro   0x00000000     0xb50a ./src/PWM.o
 .group         0x00000000        0x8 ./src/SPI.o
 .group         0x00000000        0x8 ./src/SPI.o
 .group         0x00000000        0x8 ./src/SPI.o
 .group         0x00000000        0x8 ./src/SPI.o
 .group         0x00000000        0x8 ./src/SPI.o
 .group         0x00000000        0x8 ./src/SPI.o
 .group         0x00000000        0x8 ./src/SPI.o
 .group         0x00000000        0x8 ./src/SPI.o
 .group         0x00000000        0x8 ./src/SPI.o
 .group         0x00000000        0x8 ./src/SPI.o
 .group         0x00000000        0x8 ./src/SPI.o
 .group         0x00000000        0x8 ./src/SPI.o
 .group         0x00000000        0x8 ./src/SPI.o
 .text          0x00000000        0x0 ./src/SPI.o
 .data          0x00000000        0x0 ./src/SPI.o
 .bss           0x00000000        0x0 ./src/SPI.o
 .debug_macro   0x00000000      0x61c ./src/SPI.o
 .debug_macro   0x00000000       0x52 ./src/SPI.o
 .debug_macro   0x00000000       0xa0 ./src/SPI.o
 .debug_macro   0x00000000       0x16 ./src/SPI.o
 .debug_macro   0x00000000       0x5e ./src/SPI.o
 .debug_macro   0x00000000      0x1aa ./src/SPI.o
 .debug_macro   0x00000000      0x13a ./src/SPI.o
 .debug_macro   0x00000000       0x9d ./src/SPI.o
 .debug_macro   0x00000000       0x10 ./src/SPI.o
 .debug_macro   0x00000000      0x15b ./src/SPI.o
 .debug_macro   0x00000000       0x28 ./src/SPI.o
 .debug_macro   0x00000000       0x58 ./src/SPI.o
 .debug_macro   0x00000000     0xb50a ./src/SPI.o
 .group         0x00000000        0x8 ./src/Vector.o
 .group         0x00000000        0x8 ./src/Vector.o
 .group         0x00000000        0x8 ./src/Vector.o
 .group         0x00000000        0x8 ./src/Vector.o
 .group         0x00000000        0x8 ./src/Vector.o
 .text          0x00000000        0x0 ./src/Vector.o
 .data          0x00000000        0x0 ./src/Vector.o
 .bss           0x00000000        0x0 ./src/Vector.o
 .debug_macro   0x00000000      0x61c ./src/Vector.o
 .debug_macro   0x00000000       0x52 ./src/Vector.o
 .debug_macro   0x00000000       0xa0 ./src/Vector.o
 .debug_macro   0x00000000       0x16 ./src/Vector.o
 .debug_macro   0x00000000       0x2e ./src/Vector.o
 .group         0x00000000        0x8 ./src/adc_smoke_test.o
 .group         0x00000000        0x8 ./src/adc_smoke_test.o
 .group         0x00000000        0x8 ./src/adc_smoke_test.o
 .group         0x00000000        0x8 ./src/adc_smoke_test.o
 .group         0x00000000        0x8 ./src/adc_smoke_test.o
 .group         0x00000000        0x8 ./src/adc_smoke_test.o
 .group         0x00000000        0x8 ./src/adc_smoke_test.o
 .group         0x00000000        0x8 ./src/adc_smoke_test.o
 .group         0x00000000        0x8 ./src/adc_smoke_test.o
 .group         0x00000000        0x8 ./src/adc_smoke_test.o
 .group         0x00000000        0x8 ./src/adc_smoke_test.o
 .group         0x00000000        0x8 ./src/adc_smoke_test.o
 .group         0x00000000        0x8 ./src/adc_smoke_test.o
 .text          0x00000000        0x0 ./src/adc_smoke_test.o
 .data          0x00000000        0x0 ./src/adc_smoke_test.o
 .bss           0x00000000        0x0 ./src/adc_smoke_test.o
 .text.small_delay
                0x00000000       0x3c ./src/adc_smoke_test.o
 .text.adc0_init_one_shot
                0x00000000       0x56 ./src/adc_smoke_test.o
 .text.adc0_read_once
                0x00000000       0xa0 ./src/adc_smoke_test.o
 .text.call_adc0_read_once
                0x00000000       0x28 ./src/adc_smoke_test.o
 .debug_macro   0x00000000      0x61c ./src/adc_smoke_test.o
 .debug_macro   0x00000000       0x52 ./src/adc_smoke_test.o
 .debug_macro   0x00000000       0xa0 ./src/adc_smoke_test.o
 .debug_macro   0x00000000       0x16 ./src/adc_smoke_test.o
 .debug_macro   0x00000000       0x5e ./src/adc_smoke_test.o
 .debug_macro   0x00000000      0x1aa ./src/adc_smoke_test.o
 .debug_macro   0x00000000      0x13a ./src/adc_smoke_test.o
 .debug_macro   0x00000000       0x9d ./src/adc_smoke_test.o
 .debug_macro   0x00000000       0x10 ./src/adc_smoke_test.o
 .debug_macro   0x00000000      0x15b ./src/adc_smoke_test.o
 .debug_macro   0x00000000       0x28 ./src/adc_smoke_test.o
 .debug_macro   0x00000000       0x58 ./src/adc_smoke_test.o
 .debug_macro   0x00000000     0xb50a ./src/adc_smoke_test.o
 .group         0x00000000        0x8 ./src/can_globals.o
 .group         0x00000000        0x8 ./src/can_globals.o
 .group         0x00000000        0x8 ./src/can_globals.o
 .group         0x00000000        0x8 ./src/can_globals.o
 .group         0x00000000        0x8 ./src/can_globals.o
 .group         0x00000000        0x8 ./src/can_globals.o
 .group         0x00000000        0x8 ./src/can_globals.o
 .group         0x00000000        0x8 ./src/can_globals.o
 .group         0x00000000        0x8 ./src/can_globals.o
 .group         0x00000000        0x8 ./src/can_globals.o
 .group         0x00000000        0x8 ./src/can_globals.o
 .group         0x00000000        0x8 ./src/can_globals.o
 .text          0x00000000        0x0 ./src/can_globals.o
 .data          0x00000000        0x0 ./src/can_globals.o
 .bss           0x00000000        0x0 ./src/can_globals.o
 .debug_macro   0x00000000      0x61c ./src/can_globals.o
 .debug_macro   0x00000000       0x52 ./src/can_globals.o
 .debug_macro   0x00000000       0xa0 ./src/can_globals.o
 .debug_macro   0x00000000       0x16 ./src/can_globals.o
 .debug_macro   0x00000000       0x5e ./src/can_globals.o
 .debug_macro   0x00000000      0x1aa ./src/can_globals.o
 .debug_macro   0x00000000      0x13a ./src/can_globals.o
 .debug_macro   0x00000000       0x9d ./src/can_globals.o
 .debug_macro   0x00000000       0x10 ./src/can_globals.o
 .debug_macro   0x00000000      0x15b ./src/can_globals.o
 .debug_macro   0x00000000       0x28 ./src/can_globals.o
 .debug_macro   0x00000000       0x58 ./src/can_globals.o
 .group         0x00000000        0x8 ./src/can_smoke_test.o
 .group         0x00000000        0x8 ./src/can_smoke_test.o
 .group         0x00000000        0x8 ./src/can_smoke_test.o
 .group         0x00000000        0x8 ./src/can_smoke_test.o
 .group         0x00000000        0x8 ./src/can_smoke_test.o
 .group         0x00000000        0x8 ./src/can_smoke_test.o
 .group         0x00000000        0x8 ./src/can_smoke_test.o
 .group         0x00000000        0x8 ./src/can_smoke_test.o
 .group         0x00000000        0x8 ./src/can_smoke_test.o
 .group         0x00000000        0x8 ./src/can_smoke_test.o
 .group         0x00000000        0x8 ./src/can_smoke_test.o
 .group         0x00000000        0x8 ./src/can_smoke_test.o
 .group         0x00000000        0x8 ./src/can_smoke_test.o
 .text          0x00000000        0x0 ./src/can_smoke_test.o
 .data          0x00000000        0x0 ./src/can_smoke_test.o
 .bss           0x00000000        0x0 ./src/can_smoke_test.o
 .text.can0_loopback_init
                0x00000000      0x154 ./src/can_smoke_test.o
 .text.can0_loopback_smoke_once
                0x00000000       0xd0 ./src/can_smoke_test.o
 .debug_macro   0x00000000      0x61c ./src/can_smoke_test.o
 .debug_macro   0x00000000       0x52 ./src/can_smoke_test.o
 .debug_macro   0x00000000       0xa0 ./src/can_smoke_test.o
 .debug_macro   0x00000000       0x16 ./src/can_smoke_test.o
 .debug_macro   0x00000000       0x5e ./src/can_smoke_test.o
 .debug_macro   0x00000000      0x1aa ./src/can_smoke_test.o
 .debug_macro   0x00000000      0x13a ./src/can_smoke_test.o
 .debug_macro   0x00000000       0x9d ./src/can_smoke_test.o
 .debug_macro   0x00000000       0x10 ./src/can_smoke_test.o
 .debug_macro   0x00000000      0x15b ./src/can_smoke_test.o
 .debug_macro   0x00000000       0x28 ./src/can_smoke_test.o
 .debug_macro   0x00000000       0x58 ./src/can_smoke_test.o
 .debug_macro   0x00000000     0xb50a ./src/can_smoke_test.o
 .group         0x00000000        0x8 ./src/flashrchw.o
 .group         0x00000000        0x8 ./src/flashrchw.o
 .group         0x00000000        0x8 ./src/flashrchw.o
 .group         0x00000000        0x8 ./src/flashrchw.o
 .group         0x00000000        0x8 ./src/flashrchw.o
 .group         0x00000000        0x8 ./src/flashrchw.o
 .group         0x00000000        0x8 ./src/flashrchw.o
 .group         0x00000000        0x8 ./src/flashrchw.o
 .group         0x00000000        0x8 ./src/flashrchw.o
 .group         0x00000000        0x8 ./src/flashrchw.o
 .group         0x00000000        0x8 ./src/flashrchw.o
 .group         0x00000000        0x8 ./src/flashrchw.o
 .text          0x00000000        0x0 ./src/flashrchw.o
 .data          0x00000000        0x0 ./src/flashrchw.o
 .bss           0x00000000        0x0 ./src/flashrchw.o
 .debug_macro   0x00000000      0x61c ./src/flashrchw.o
 .debug_macro   0x00000000       0x52 ./src/flashrchw.o
 .debug_macro   0x00000000       0xa0 ./src/flashrchw.o
 .debug_macro   0x00000000       0x16 ./src/flashrchw.o
 .debug_macro   0x00000000       0x5e ./src/flashrchw.o
 .debug_macro   0x00000000      0x1aa ./src/flashrchw.o
 .debug_macro   0x00000000      0x13a ./src/flashrchw.o
 .debug_macro   0x00000000       0x9d ./src/flashrchw.o
 .debug_macro   0x00000000       0x10 ./src/flashrchw.o
 .debug_macro   0x00000000      0x15b ./src/flashrchw.o
 .debug_macro   0x00000000       0x28 ./src/flashrchw.o
 .debug_macro   0x00000000       0x58 ./src/flashrchw.o
 .group         0x00000000        0x8 ./src/intc_SW_mode_isr_vectors_MPC5744P.o
 .group         0x00000000        0x8 ./src/intc_SW_mode_isr_vectors_MPC5744P.o
 .group         0x00000000        0x8 ./src/intc_SW_mode_isr_vectors_MPC5744P.o
 .group         0x00000000        0x8 ./src/intc_SW_mode_isr_vectors_MPC5744P.o
 .group         0x00000000        0x8 ./src/intc_SW_mode_isr_vectors_MPC5744P.o
 .group         0x00000000        0x8 ./src/intc_SW_mode_isr_vectors_MPC5744P.o
 .group         0x00000000        0x8 ./src/intc_SW_mode_isr_vectors_MPC5744P.o
 .group         0x00000000        0x8 ./src/intc_SW_mode_isr_vectors_MPC5744P.o
 .group         0x00000000        0x8 ./src/intc_SW_mode_isr_vectors_MPC5744P.o
 .group         0x00000000        0x8 ./src/intc_SW_mode_isr_vectors_MPC5744P.o
 .group         0x00000000        0x8 ./src/intc_SW_mode_isr_vectors_MPC5744P.o
 .group         0x00000000        0x8 ./src/intc_SW_mode_isr_vectors_MPC5744P.o
 .text          0x00000000        0x0 ./src/intc_SW_mode_isr_vectors_MPC5744P.o
 .data          0x00000000        0x0 ./src/intc_SW_mode_isr_vectors_MPC5744P.o
 .bss           0x00000000        0x0 ./src/intc_SW_mode_isr_vectors_MPC5744P.o
 .debug_macro   0x00000000      0x61c ./src/intc_SW_mode_isr_vectors_MPC5744P.o
 .debug_macro   0x00000000       0x52 ./src/intc_SW_mode_isr_vectors_MPC5744P.o
 .debug_macro   0x00000000       0xa0 ./src/intc_SW_mode_isr_vectors_MPC5744P.o
 .debug_macro   0x00000000       0x16 ./src/intc_SW_mode_isr_vectors_MPC5744P.o
 .debug_macro   0x00000000       0x5e ./src/intc_SW_mode_isr_vectors_MPC5744P.o
 .debug_macro   0x00000000      0x1aa ./src/intc_SW_mode_isr_vectors_MPC5744P.o
 .debug_macro   0x00000000      0x13a ./src/intc_SW_mode_isr_vectors_MPC5744P.o
 .debug_macro   0x00000000       0x9d ./src/intc_SW_mode_isr_vectors_MPC5744P.o
 .debug_macro   0x00000000       0x10 ./src/intc_SW_mode_isr_vectors_MPC5744P.o
 .debug_macro   0x00000000      0x15b ./src/intc_SW_mode_isr_vectors_MPC5744P.o
 .debug_macro   0x00000000       0x28 ./src/intc_SW_mode_isr_vectors_MPC5744P.o
 .debug_macro   0x00000000       0x58 ./src/intc_SW_mode_isr_vectors_MPC5744P.o
 .data          0x00000000        0x0 ./src/intc_sw_handlers.o
 .bss           0x00000000        0x0 ./src/intc_sw_handlers.o
 .group         0x00000000        0x8 ./src/main.o
 .group         0x00000000        0x8 ./src/main.o
 .group         0x00000000        0x8 ./src/main.o
 .group         0x00000000        0x8 ./src/main.o
 .group         0x00000000        0x8 ./src/main.o
 .group         0x00000000        0x8 ./src/main.o
 .group         0x00000000        0x8 ./src/main.o
 .group         0x00000000        0x8 ./src/main.o
 .group         0x00000000        0x8 ./src/main.o
 .group         0x00000000        0x8 ./src/main.o
 .group         0x00000000        0x8 ./src/main.o
 .group         0x00000000        0x8 ./src/main.o
 .group         0x00000000        0x8 ./src/main.o
 .text          0x00000000        0x0 ./src/main.o
 .data          0x00000000        0x0 ./src/main.o
 .bss           0x00000000        0x0 ./src/main.o
 .text.small_delay
                0x00000000       0x3c ./src/main.o
 .debug_macro   0x00000000      0x61c ./src/main.o
 .debug_macro   0x00000000       0x52 ./src/main.o
 .debug_macro   0x00000000       0xa0 ./src/main.o
 .debug_macro   0x00000000       0x16 ./src/main.o
 .debug_macro   0x00000000       0x5e ./src/main.o
 .debug_macro   0x00000000      0x1aa ./src/main.o
 .debug_macro   0x00000000      0x13a ./src/main.o
 .debug_macro   0x00000000       0x9d ./src/main.o
 .debug_macro   0x00000000       0x10 ./src/main.o
 .debug_macro   0x00000000      0x15b ./src/main.o
 .debug_macro   0x00000000       0x28 ./src/main.o
 .debug_macro   0x00000000       0x58 ./src/main.o
 .debug_macro   0x00000000     0xb50a ./src/main.o
 .group         0x00000000        0x8 ./src/main_integration.o
 .group         0x00000000        0x8 ./src/main_integration.o
 .group         0x00000000        0x8 ./src/main_integration.o
 .group         0x00000000        0x8 ./src/main_integration.o
 .group         0x00000000        0x8 ./src/main_integration.o
 .group         0x00000000        0x8 ./src/main_integration.o
 .group         0x00000000        0x8 ./src/main_integration.o
 .group         0x00000000        0x8 ./src/main_integration.o
 .group         0x00000000        0x8 ./src/main_integration.o
 .group         0x00000000        0x8 ./src/main_integration.o
 .group         0x00000000        0x8 ./src/main_integration.o
 .group         0x00000000        0x8 ./src/main_integration.o
 .group         0x00000000        0x8 ./src/main_integration.o
 .text          0x00000000        0x0 ./src/main_integration.o
 .data          0x00000000        0x0 ./src/main_integration.o
 .bss           0x00000000        0x0 ./src/main_integration.o
 .text.small_delay
                0x00000000       0x3c ./src/main_integration.o
 .text.adc0_init_one_shot
                0x00000000       0x56 ./src/main_integration.o
 .text.adc0_read_once
                0x00000000       0xa0 ./src/main_integration.o
 .text.call_adc0_read_once
                0x00000000       0x28 ./src/main_integration.o
 .text.clocks_init
                0x00000000       0xee ./src/main_integration.o
 .text.pads_init_spi0_pullup_miso
                0x00000000       0xe0 ./src/main_integration.o
 .text.spi0_init
                0x00000000       0x5c ./src/main_integration.o
 .text.spi0_txrx_once
                0x00000000       0x84 ./src/main_integration.o
 .text.can0_loopback_init
                0x00000000      0x154 ./src/main_integration.o
 .text.can0_loopback_smoke_once
                0x00000000       0xd0 ./src/main_integration.o
 .bss.sm_adc_last
                0x00000000        0x2 ./src/main_integration.o
 .bss.sm_spi_last
                0x00000000        0x2 ./src/main_integration.o
 .bss.sm_can_tx
                0x00000000        0x1 ./src/main_integration.o
 .bss.sm_can_rx
                0x00000000        0x1 ./src/main_integration.o
 .bss.sm_can_iflag
                0x00000000        0x4 ./src/main_integration.o
 .data.sm_pwm_duty
                0x00000000        0x2 ./src/main_integration.o
 .bss.sm_pwm_cnt
                0x00000000        0x2 ./src/main_integration.o
 .debug_macro   0x00000000      0x61c ./src/main_integration.o
 .debug_macro   0x00000000       0x52 ./src/main_integration.o
 .debug_macro   0x00000000       0xa0 ./src/main_integration.o
 .debug_macro   0x00000000       0x16 ./src/main_integration.o
 .debug_macro   0x00000000       0x5e ./src/main_integration.o
 .debug_macro   0x00000000      0x1aa ./src/main_integration.o
 .debug_macro   0x00000000      0x13a ./src/main_integration.o
 .debug_macro   0x00000000       0x9d ./src/main_integration.o
 .debug_macro   0x00000000       0x10 ./src/main_integration.o
 .debug_macro   0x00000000      0x15b ./src/main_integration.o
 .debug_macro   0x00000000       0x28 ./src/main_integration.o
 .debug_macro   0x00000000       0x58 ./src/main_integration.o
 .debug_macro   0x00000000     0xb50a ./src/main_integration.o
 .group         0x00000000        0x8 ./src/main_smoke.o
 .group         0x00000000        0x8 ./src/main_smoke.o
 .group         0x00000000        0x8 ./src/main_smoke.o
 .group         0x00000000        0x8 ./src/main_smoke.o
 .group         0x00000000        0x8 ./src/main_smoke.o
 .group         0x00000000        0x8 ./src/main_smoke.o
 .group         0x00000000        0x8 ./src/main_smoke.o
 .group         0x00000000        0x8 ./src/main_smoke.o
 .group         0x00000000        0x8 ./src/main_smoke.o
 .group         0x00000000        0x8 ./src/main_smoke.o
 .group         0x00000000        0x8 ./src/main_smoke.o
 .group         0x00000000        0x8 ./src/main_smoke.o
 .group         0x00000000        0x8 ./src/main_smoke.o
 .text          0x00000000        0x0 ./src/main_smoke.o
 .data          0x00000000        0x0 ./src/main_smoke.o
 .bss           0x00000000        0x0 ./src/main_smoke.o
 .debug_info    0x00000000       0x68 ./src/main_smoke.o
 .debug_abbrev  0x00000000       0x29 ./src/main_smoke.o
 .debug_aranges
                0x00000000       0x18 ./src/main_smoke.o
 .debug_macro   0x00000000       0xb8 ./src/main_smoke.o
 .debug_macro   0x00000000      0x61c ./src/main_smoke.o
 .debug_macro   0x00000000       0x52 ./src/main_smoke.o
 .debug_macro   0x00000000       0xa0 ./src/main_smoke.o
 .debug_macro   0x00000000       0x16 ./src/main_smoke.o
 .debug_macro   0x00000000       0x5e ./src/main_smoke.o
 .debug_macro   0x00000000      0x1aa ./src/main_smoke.o
 .debug_macro   0x00000000      0x13a ./src/main_smoke.o
 .debug_macro   0x00000000       0x9d ./src/main_smoke.o
 .debug_macro   0x00000000       0x10 ./src/main_smoke.o
 .debug_macro   0x00000000      0x15b ./src/main_smoke.o
 .debug_macro   0x00000000       0x28 ./src/main_smoke.o
 .debug_macro   0x00000000       0x58 ./src/main_smoke.o
 .debug_macro   0x00000000     0xb50a ./src/main_smoke.o
 .debug_line    0x00000000      0x1c8 ./src/main_smoke.o
 .debug_str     0x00000000    0x3726d ./src/main_smoke.o
 .comment       0x00000000       0x83 ./src/main_smoke.o
 .group         0x00000000        0x8 ./src/pwm_smoke_test.o
 .group         0x00000000        0x8 ./src/pwm_smoke_test.o
 .group         0x00000000        0x8 ./src/pwm_smoke_test.o
 .group         0x00000000        0x8 ./src/pwm_smoke_test.o
 .group         0x00000000        0x8 ./src/pwm_smoke_test.o
 .group         0x00000000        0x8 ./src/pwm_smoke_test.o
 .group         0x00000000        0x8 ./src/pwm_smoke_test.o
 .group         0x00000000        0x8 ./src/pwm_smoke_test.o
 .group         0x00000000        0x8 ./src/pwm_smoke_test.o
 .group         0x00000000        0x8 ./src/pwm_smoke_test.o
 .group         0x00000000        0x8 ./src/pwm_smoke_test.o
 .group         0x00000000        0x8 ./src/pwm_smoke_test.o
 .group         0x00000000        0x8 ./src/pwm_smoke_test.o
 .text          0x00000000        0x0 ./src/pwm_smoke_test.o
 .data          0x00000000        0x0 ./src/pwm_smoke_test.o
 .bss           0x00000000        0x0 ./src/pwm_smoke_test.o
 .debug_macro   0x00000000      0x61c ./src/pwm_smoke_test.o
 .debug_macro   0x00000000       0x52 ./src/pwm_smoke_test.o
 .debug_macro   0x00000000       0xa0 ./src/pwm_smoke_test.o
 .debug_macro   0x00000000       0x16 ./src/pwm_smoke_test.o
 .debug_macro   0x00000000       0x5e ./src/pwm_smoke_test.o
 .debug_macro   0x00000000      0x1aa ./src/pwm_smoke_test.o
 .debug_macro   0x00000000      0x13a ./src/pwm_smoke_test.o
 .debug_macro   0x00000000       0x9d ./src/pwm_smoke_test.o
 .debug_macro   0x00000000       0x10 ./src/pwm_smoke_test.o
 .debug_macro   0x00000000      0x15b ./src/pwm_smoke_test.o
 .debug_macro   0x00000000       0x28 ./src/pwm_smoke_test.o
 .debug_macro   0x00000000       0x58 ./src/pwm_smoke_test.o
 .debug_macro   0x00000000     0xb50a ./src/pwm_smoke_test.o
 .group         0x00000000        0x8 ./src/spi_smoke_test.o
 .group         0x00000000        0x8 ./src/spi_smoke_test.o
 .group         0x00000000        0x8 ./src/spi_smoke_test.o
 .group         0x00000000        0x8 ./src/spi_smoke_test.o
 .group         0x00000000        0x8 ./src/spi_smoke_test.o
 .group         0x00000000        0x8 ./src/spi_smoke_test.o
 .group         0x00000000        0x8 ./src/spi_smoke_test.o
 .group         0x00000000        0x8 ./src/spi_smoke_test.o
 .group         0x00000000        0x8 ./src/spi_smoke_test.o
 .group         0x00000000        0x8 ./src/spi_smoke_test.o
 .group         0x00000000        0x8 ./src/spi_smoke_test.o
 .group         0x00000000        0x8 ./src/spi_smoke_test.o
 .group         0x00000000        0x8 ./src/spi_smoke_test.o
 .text          0x00000000        0x0 ./src/spi_smoke_test.o
 .data          0x00000000        0x0 ./src/spi_smoke_test.o
 .bss           0x00000000        0x0 ./src/spi_smoke_test.o
 .text.clocks_init
                0x00000000       0xee ./src/spi_smoke_test.o
 .text.pads_init_spi0_pullup_miso
                0x00000000       0xe0 ./src/spi_smoke_test.o
 .text.spi0_init
                0x00000000       0x5c ./src/spi_smoke_test.o
 .text.spi0_txrx_once
                0x00000000       0x84 ./src/spi_smoke_test.o
 .debug_macro   0x00000000      0x61c ./src/spi_smoke_test.o
 .debug_macro   0x00000000       0x52 ./src/spi_smoke_test.o
 .debug_macro   0x00000000       0xa0 ./src/spi_smoke_test.o
 .debug_macro   0x00000000       0x16 ./src/spi_smoke_test.o
 .debug_macro   0x00000000       0x5e ./src/spi_smoke_test.o
 .debug_macro   0x00000000      0x1aa ./src/spi_smoke_test.o
 .debug_macro   0x00000000      0x13a ./src/spi_smoke_test.o
 .debug_macro   0x00000000       0x9d ./src/spi_smoke_test.o
 .debug_macro   0x00000000       0x10 ./src/spi_smoke_test.o
 .debug_macro   0x00000000      0x15b ./src/spi_smoke_test.o
 .debug_macro   0x00000000       0x28 ./src/spi_smoke_test.o
 .debug_macro   0x00000000       0x58 ./src/spi_smoke_test.o
 .debug_macro   0x00000000     0xb50a ./src/spi_smoke_test.o
 .bss           0x00000000        0x0 c:/nxp/s32ds_power_v2.1/s32ds/build_tools/powerpc-eabivle-4_9/bin/../lib/gcc/powerpc-eabivle/4.9.4/e200z4/fp\libgcc.a(eabivle.o)
 .data          0x00000000        0x0 c:/nxp/s32ds_power_v2.1/s32ds/build_tools/powerpc-eabivle-4_9/bin/../lib/gcc/powerpc-eabivle/4.9.4/e200z4/fp/crtend.o
 .bss           0x00000000        0x0 c:/nxp/s32ds_power_v2.1/s32ds/build_tools/powerpc-eabivle-4_9/bin/../lib/gcc/powerpc-eabivle/4.9.4/e200z4/fp/crtend.o
 .jcr           0x00000000        0x4 c:/nxp/s32ds_power_v2.1/s32ds/build_tools/powerpc-eabivle-4_9/bin/../lib/gcc/powerpc-eabivle/4.9.4/e200z4/fp/crtend.o
 .text          0x00000000        0x0 c:/nxp/s32ds_power_v2.1/s32ds/build_tools/powerpc-eabivle-4_9/bin/../lib/gcc/powerpc-eabivle/4.9.4/e200z4/fp/ecrtn.o
 .data          0x00000000        0x0 c:/nxp/s32ds_power_v2.1/s32ds/build_tools/powerpc-eabivle-4_9/bin/../lib/gcc/powerpc-eabivle/4.9.4/e200z4/fp/ecrtn.o
 .bss           0x00000000        0x0 c:/nxp/s32ds_power_v2.1/s32ds/build_tools/powerpc-eabivle-4_9/bin/../lib/gcc/powerpc-eabivle/4.9.4/e200z4/fp/ecrtn.o
 .fixup         0x00000000        0x0 c:/nxp/s32ds_power_v2.1/s32ds/build_tools/powerpc-eabivle-4_9/bin/../lib/gcc/powerpc-eabivle/4.9.4/e200z4/fp/ecrtn.o
 .sdata         0x00000000        0x0 c:/nxp/s32ds_power_v2.1/s32ds/build_tools/powerpc-eabivle-4_9/bin/../lib/gcc/powerpc-eabivle/4.9.4/e200z4/fp/ecrtn.o
 .sdata2        0x00000000        0x0 c:/nxp/s32ds_power_v2.1/s32ds/build_tools/powerpc-eabivle-4_9/bin/../lib/gcc/powerpc-eabivle/4.9.4/e200z4/fp/ecrtn.o
 .gcc_except_table
                0x00000000        0x0 c:/nxp/s32ds_power_v2.1/s32ds/build_tools/powerpc-eabivle-4_9/bin/../lib/gcc/powerpc-eabivle/4.9.4/e200z4/fp/ecrtn.o

Memory Configuration

Name             Origin             Length             Attributes
flash_rchw       0x00fa0000         0x00000004
cpu0_reset_vec   0x00fa0004         0x00000004
m_text           0x01000000         0x00200000
m_data           0x40000000         0x00060000
local_dmem       0x50800000         0x00010000
*default*        0x00000000         0xffffffff

Linker script and memory map

LOAD c:/nxp/s32ds_power_v2.1/s32ds/build_tools/powerpc-eabivle-4_9/bin/../lib/gcc/powerpc-eabivle/4.9.4/e200z4/fp/ecrti.o
LOAD c:/nxp/s32ds_power_v2.1/s32ds/build_tools/powerpc-eabivle-4_9/bin/../lib/gcc/powerpc-eabivle/4.9.4/e200z4/fp/crtbegin.o
LOAD ./Project_Settings/Startup_Code/startup.o
LOAD ./src/ADC.o
LOAD ./src/CAN.o
LOAD ./src/MPC57xx__Interrupt_Init.o
LOAD ./src/PWM.o
LOAD ./src/SPI.o
LOAD ./src/Vector.o
LOAD ./src/adc_smoke_test.o
LOAD ./src/can_globals.o
LOAD ./src/can_smoke_test.o
LOAD ./src/flashrchw.o
LOAD ./src/intc_SW_mode_isr_vectors_MPC5744P.o
LOAD ./src/intc_sw_handlers.o
LOAD ./src/main.o
LOAD ./src/main_integration.o
LOAD ./src/main_smoke.o
LOAD ./src/pwm_smoke_test.o
LOAD ./src/spi_smoke_test.o
START GROUP
LOAD C:/NXP/S32DS_Power_v2.1/S32DS/build_tools/e200_ewl2/lib/e200z4/fp\libc99.a
LOAD C:/NXP/S32DS_Power_v2.1/S32DS/build_tools/e200_ewl2/lib/e200z4/fp\libm.a
LOAD c:/nxp/s32ds_power_v2.1/s32ds/build_tools/powerpc-eabivle-4_9/bin/../lib/gcc/powerpc-eabivle/4.9.4/e200z4/fp\libgcc.a
LOAD C:/NXP/S32DS_Power_v2.1/S32DS/build_tools/e200_ewl2/lib/e200z4/fp\librt.a
LOAD C:/NXP/S32DS_Power_v2.1/S32DS/build_tools/e200_ewl2/lib/e200z4/fp\libhosted.a
END GROUP
LOAD c:/nxp/s32ds_power_v2.1/s32ds/build_tools/powerpc-eabivle-4_9/bin/../lib/gcc/powerpc-eabivle/4.9.4/e200z4/fp/crtend.o
LOAD c:/nxp/s32ds_power_v2.1/s32ds/build_tools/powerpc-eabivle-4_9/bin/../lib/gcc/powerpc-eabivle/4.9.4/e200z4/fp/ecrtn.o
                0x00000000                __HEAP_SIZE = 0x0
                0x00001000                __STACK_SIZE = 0x1000
                0x00060000                SRAM_SIZE = 0x60000
                0x40000000                SRAM_BASE_ADDR = 0x40000000
                0x00010000                LOCALDMEM_SIZE = 0x10000
                0x50800000                LOCALDMEM_BASE_ADDR = 0x50800000

.rchw           0x00fa0000        0x4
 *(.rchw)
 .rchw          0x00fa0000        0x4 ./src/flashrchw.o
                0x00fa0000                RCHW1

.cpu0_reset_vector
                0x00fa0004        0x4
 *(.cpu0_reset_vector)
 .cpu0_reset_vector
                0x00fa0004        0x4 ./src/flashrchw.o
                0x00fa0004                RCHW2

.startup        0x01000000      0x212
                0x01000000                __start = .
 *(.startup)
 .startup       0x01000000      0x212 ./Project_Settings/Startup_Code/startup.o
                0x01000000                _start
                0x0100020e                _fini

.core_exceptions_table
                0x01001000       0xf4
                0x01001000                __IVPR_VALUE = .
 *(.core_exceptions_table)
 .core_exceptions_table
                0x01001000       0xf4 ./src/Vector.o
                0x01001000                VTABLE
                0x01001000                IVOR0_Vector
                0x01001010                IVOR1_Vector
                0x01001020                IVOR2_Vector
                0x01001030                IVOR3_Vector
                0x01001040                IVOR4_Vector
                0x01001050                IVOR5_Vector
                0x01001060                IVOR6_Vector
                0x01001070                IVOR7_Vector
                0x01001080                IVOR8_Vector
                0x01001090                IVOR9_Vector
                0x010010a0                IVOR10_Vector
                0x010010b0                IVOR11_Vector
                0x010010c0                IVOR12_Vector
                0x010010d0                IVOR13_Vector
                0x010010e0                IVOR14_Vector
                0x010010f0                IVOR15_Vector

.intc_vector_table
                0x01002000      0xb78
 *(.intc_vector_table)
 .intc_vector_table
                0x01002000      0xb78 ./src/intc_SW_mode_isr_vectors_MPC5744P.o
                0x01002000                IntcIsrVectorTable

.text           0x01002b80     0x1280
 *(.text.startup)
 *(.text)
 .text          0x01002b80      0x16c c:/nxp/s32ds_power_v2.1/s32ds/build_tools/powerpc-eabivle-4_9/bin/../lib/gcc/powerpc-eabivle/4.9.4/e200z4/fp/crtbegin.o
 *fill*         0x01002cec        0x4 
 .text          0x01002cf0       0x48 ./src/intc_sw_handlers.o
                0x01002cf0                IVOR4_Handler
 .text          0x01002d38       0x4a c:/nxp/s32ds_power_v2.1/s32ds/build_tools/powerpc-eabivle-4_9/bin/../lib/gcc/powerpc-eabivle/4.9.4/e200z4/fp\libgcc.a(eabivle.o)
                0x01002d38                __eabi
 *fill*         0x01002d82        0x2 
 .text          0x01002d84       0x48 c:/nxp/s32ds_power_v2.1/s32ds/build_tools/powerpc-eabivle-4_9/bin/../lib/gcc/powerpc-eabivle/4.9.4/e200z4/fp/crtend.o
 *(.text.*)
 .text.Sys_Init
                0x01002dcc      0x102 ./src/ADC.o
                0x01002dcc                Sys_Init
 *fill*         0x01002ece        0x2 
 .text.SUIL2_Init
                0x01002ed0       0x30 ./src/ADC.o
                0x01002ed0                SUIL2_Init
 .text.ADC_Init
                0x01002f00       0x46 ./src/ADC.o
                0x01002f00                ADC_Init
 *fill*         0x01002f46        0x2 
 .text.SysClk_Init
                0x01002f48      0x152 ./src/CAN.o
                0x01002f48                SysClk_Init
 *fill*         0x0100309a        0x2 
 .text.SetIVPR  0x0100309c       0x1a ./src/MPC57xx__Interrupt_Init.o
                0x0100309c                SetIVPR
 *fill*         0x010030b6        0x2 
 .text.InitINTC
                0x010030b8       0x2a ./src/MPC57xx__Interrupt_Init.o
                0x010030b8                InitINTC
 *fill*         0x010030e2        0x2 
 .text.enableIrq
                0x010030e4       0x20 ./src/MPC57xx__Interrupt_Init.o
                0x010030e4                enableIrq
 .text.xcptn_xmpl
                0x01003104       0x34 ./src/MPC57xx__Interrupt_Init.o
                0x01003104                xcptn_xmpl
 .text.PWM_SysClk_Init
                0x01003138      0x172 ./src/PWM.o
                0x01003138                PWM_SysClk_Init
 *fill*         0x010032aa        0x2 
 .text.PWM_SUIL2_Init
                0x010032ac       0x3e ./src/PWM.o
                0x010032ac                PWM_SUIL2_Init
 *fill*         0x010032ea        0x2 
 .text.sys_config
                0x010032ec       0xf2 ./src/SPI.o
                0x010032ec                sys_config
 *fill*         0x010033de        0x2 
 .text.SPI0_padconfig
                0x010033e0       0xc4 ./src/SPI.o
                0x010033e0                SPI0_padconfig
 .text.init_SPI0
                0x010034a4       0x38 ./src/SPI.o
                0x010034a4                init_SPI0
 .text.read_data_SPI_0
                0x010034dc       0x50 ./src/SPI.o
                0x010034dc                read_data_SPI_0
 .text.dummy    0x0100352c        0xc ./src/intc_SW_mode_isr_vectors_MPC5744P.o
                0x0100352c                dummy
 .text.adc0_init_one_shot
                0x01003538       0x56 ./src/main.o
 *fill*         0x0100358e        0x2 
 .text.adc0_read_once
                0x01003590       0xa0 ./src/main.o
 .text.call_adc0_read_once
                0x01003630       0x28 ./src/main.o
 .text.clocks_init
                0x01003658       0xee ./src/main.o
 *fill*         0x01003746        0x2 
 .text.pads_init_spi0_pullup_miso
                0x01003748       0xe0 ./src/main.o
 .text.spi0_init
                0x01003828       0x5c ./src/main.o
 .text.spi0_txrx_once
                0x01003884       0x84 ./src/main.o
 .text.can0_loopback_init
                0x01003908      0x154 ./src/main.o
 .text.can0_loopback_smoke_once
                0x01003a5c       0xd0 ./src/main.o
 .text.main     0x01003b2c       0xaa ./src/main.o
                0x01003b2c                main
 *fill*         0x01003bd6        0x2 
 .text.pwm_smoke_init
                0x01003bd8       0xde ./src/pwm_smoke_test.o
                0x01003bd8                pwm_smoke_init
 *fill*         0x01003cb6        0x2 
 .text.pwm_smoke_step
                0x01003cb8      0x100 ./src/pwm_smoke_test.o
                0x01003cb8                pwm_smoke_step
 *(.init)
 .init          0x01003db8        0xc c:/nxp/s32ds_power_v2.1/s32ds/build_tools/powerpc-eabivle-4_9/bin/../lib/gcc/powerpc-eabivle/4.9.4/e200z4/fp/ecrti.o
                0x01003db8                __init
 .init          0x01003dc4        0x4 c:/nxp/s32ds_power_v2.1/s32ds/build_tools/powerpc-eabivle-4_9/bin/../lib/gcc/powerpc-eabivle/4.9.4/e200z4/fp/crtbegin.o
 .init          0x01003dc8        0x4 c:/nxp/s32ds_power_v2.1/s32ds/build_tools/powerpc-eabivle-4_9/bin/../lib/gcc/powerpc-eabivle/4.9.4/e200z4/fp/crtend.o
 .init          0x01003dcc        0xa c:/nxp/s32ds_power_v2.1/s32ds/build_tools/powerpc-eabivle-4_9/bin/../lib/gcc/powerpc-eabivle/4.9.4/e200z4/fp/ecrtn.o
 *(.fini)
 *fill*         0x01003dd6        0x2 
 .fini          0x01003dd8        0xc c:/nxp/s32ds_power_v2.1/s32ds/build_tools/powerpc-eabivle-4_9/bin/../lib/gcc/powerpc-eabivle/4.9.4/e200z4/fp/ecrti.o
                0x01003dd8                __fini
 .fini          0x01003de4        0x4 c:/nxp/s32ds_power_v2.1/s32ds/build_tools/powerpc-eabivle-4_9/bin/../lib/gcc/powerpc-eabivle/4.9.4/e200z4/fp/crtbegin.o
 .fini          0x01003de8        0xa c:/nxp/s32ds_power_v2.1/s32ds/build_tools/powerpc-eabivle-4_9/bin/../lib/gcc/powerpc-eabivle/4.9.4/e200z4/fp/ecrtn.o
                0x01003e00                . = ALIGN (0x10)
 *fill*         0x01003df2        0xe 

.glink          0x01003e00        0x0
 .glink         0x01003e00        0x0 c:/nxp/s32ds_power_v2.1/s32ds/build_tools/powerpc-eabivle-4_9/bin/../lib/gcc/powerpc-eabivle/4.9.4/e200z4/fp/crtbegin.o

.ctors          0x01003e00        0x8
                0x01003e00                __CTOR_LIST__ = .
 *crtbegin.o(.ctors)
 .ctors         0x01003e00        0x4 c:/nxp/s32ds_power_v2.1/s32ds/build_tools/powerpc-eabivle-4_9/bin/../lib/gcc/powerpc-eabivle/4.9.4/e200z4/fp/crtbegin.o
 *crtbegin?.o(.ctors)
 *(EXCLUDE_FILE(*crtend.o *crtend?.o) .ctors)
 .ctors         0x01003e04        0x0 c:/nxp/s32ds_power_v2.1/s32ds/build_tools/powerpc-eabivle-4_9/bin/../lib/gcc/powerpc-eabivle/4.9.4/e200z4/fp/ecrti.o
 .ctors         0x01003e04        0x0 c:/nxp/s32ds_power_v2.1/s32ds/build_tools/powerpc-eabivle-4_9/bin/../lib/gcc/powerpc-eabivle/4.9.4/e200z4/fp/ecrtn.o
 *(SORT(.ctors.*))
 *(.ctors)
 .ctors         0x01003e04        0x4 c:/nxp/s32ds_power_v2.1/s32ds/build_tools/powerpc-eabivle-4_9/bin/../lib/gcc/powerpc-eabivle/4.9.4/e200z4/fp/crtend.o
                0x01003e08                __CTOR_END__ = .

.dtors          0x01003e08        0x8
                0x01003e08                __DTOR_LIST__ = .
 *crtbegin.o(.dtors)
 .dtors         0x01003e08        0x4 c:/nxp/s32ds_power_v2.1/s32ds/build_tools/powerpc-eabivle-4_9/bin/../lib/gcc/powerpc-eabivle/4.9.4/e200z4/fp/crtbegin.o
 *crtbegin?.o(.dtors)
 *(EXCLUDE_FILE(*crtend.o *crtend?.o) .dtors)
 .dtors         0x01003e0c        0x0 c:/nxp/s32ds_power_v2.1/s32ds/build_tools/powerpc-eabivle-4_9/bin/../lib/gcc/powerpc-eabivle/4.9.4/e200z4/fp/ecrti.o
 .dtors         0x01003e0c        0x0 c:/nxp/s32ds_power_v2.1/s32ds/build_tools/powerpc-eabivle-4_9/bin/../lib/gcc/powerpc-eabivle/4.9.4/e200z4/fp/ecrtn.o
 *(SORT(.dtors.*))
 *(.dtors)
 .dtors         0x01003e0c        0x4 c:/nxp/s32ds_power_v2.1/s32ds/build_tools/powerpc-eabivle-4_9/bin/../lib/gcc/powerpc-eabivle/4.9.4/e200z4/fp/crtend.o
                0x01003e10                __DTOR_END__ = .

.preinit_array  0x01003e10        0x0
                [!provide]                PROVIDE (__preinit_array_start, .)
 *(.preinit_array*)
                [!provide]                PROVIDE (__preinit_array_end, .)

.init_array     0x01003e10        0x0
                [!provide]                PROVIDE (__init_array_start, .)
 *(SORT(.init_array.*))
 *(.init_array*)
                [!provide]                PROVIDE (__init_array_end, .)

.fini_array     0x01003e10        0x0
                [!provide]                PROVIDE (__fini_array_start, .)
 *(SORT(.fini_array.*))
 *(.fini_array*)
                [!provide]                PROVIDE (__fini_array_end, .)

.rodata
 *(.rodata)
 *(.rodata.*)
 *(.got1)

.eh_frame_hdr
 *(.eh_frame_hdr)

.eh_frame       0x01003e10        0x8
 *(.eh_frame)
 .eh_frame      0x01003e10        0x0 c:/nxp/s32ds_power_v2.1/s32ds/build_tools/powerpc-eabivle-4_9/bin/../lib/gcc/powerpc-eabivle/4.9.4/e200z4/fp/ecrti.o
                0x01003e10                __EH_FRAME_BEGIN__
 .eh_frame      0x01003e10        0x0 c:/nxp/s32ds_power_v2.1/s32ds/build_tools/powerpc-eabivle-4_9/bin/../lib/gcc/powerpc-eabivle/4.9.4/e200z4/fp/crtbegin.o
 .eh_frame      0x01003e10        0x0 c:/nxp/s32ds_power_v2.1/s32ds/build_tools/powerpc-eabivle-4_9/bin/../lib/gcc/powerpc-eabivle/4.9.4/e200z4/fp/crtbegin.o
 .eh_frame      0x01003e10        0x4 c:/nxp/s32ds_power_v2.1/s32ds/build_tools/powerpc-eabivle-4_9/bin/../lib/gcc/powerpc-eabivle/4.9.4/e200z4/fp/crtend.o
 .eh_frame      0x01003e14        0x4 c:/nxp/s32ds_power_v2.1/s32ds/build_tools/powerpc-eabivle-4_9/bin/../lib/gcc/powerpc-eabivle/4.9.4/e200z4/fp/ecrtn.o
                0x01003e14                __EH_FRAME_END__

.data           0x40000000       0x20 load address 0x01003e18
 *(.data)
 .data          0x40000000        0x4 c:/nxp/s32ds_power_v2.1/s32ds/build_tools/powerpc-eabivle-4_9/bin/../lib/gcc/powerpc-eabivle/4.9.4/e200z4/fp\libgcc.a(eabivle.o)
 *(.data.*)
 *(.got.plt)
 *(.got)
 *(.got2)
 .got2          0x40000004       0x1c c:/nxp/s32ds_power_v2.1/s32ds/build_tools/powerpc-eabivle-4_9/bin/../lib/gcc/powerpc-eabivle/4.9.4/e200z4/fp\libgcc.a(eabivle.o)
 *(.dynamic)
 *(.fixup)
                0x40000020                . = ALIGN (0x4)

.jcr            0x40000020        0x0 load address 0x01003e38
 .jcr           0x40000020        0x0 c:/nxp/s32ds_power_v2.1/s32ds/build_tools/powerpc-eabivle-4_9/bin/../lib/gcc/powerpc-eabivle/4.9.4/e200z4/fp/crtbegin.o

.tm_clone_table
                0x40000020        0x0 load address 0x01003e38
 .tm_clone_table
                0x40000020        0x0 c:/nxp/s32ds_power_v2.1/s32ds/build_tools/powerpc-eabivle-4_9/bin/../lib/gcc/powerpc-eabivle/4.9.4/e200z4/fp/crtbegin.o
 .tm_clone_table
                0x40000020        0x0 c:/nxp/s32ds_power_v2.1/s32ds/build_tools/powerpc-eabivle-4_9/bin/../lib/gcc/powerpc-eabivle/4.9.4/e200z4/fp/crtend.o

.sdata2         0x40000020        0x0 load address 0x01003e38
 *(.sdata2)
 .sdata2        0x40000020        0x0 c:/nxp/s32ds_power_v2.1/s32ds/build_tools/powerpc-eabivle-4_9/bin/../lib/gcc/powerpc-eabivle/4.9.4/e200z4/fp/ecrti.o
 .sdata2        0x40000020        0x0 c:/nxp/s32ds_power_v2.1/s32ds/build_tools/powerpc-eabivle-4_9/bin/../lib/gcc/powerpc-eabivle/4.9.4/e200z4/fp/crtbegin.o
 *(.sdata2.*)

.sbss2          0x40000020        0x0 load address 0x01003e38
 *(.sbss2)
 .sbss2         0x40000020        0x0 c:/nxp/s32ds_power_v2.1/s32ds/build_tools/powerpc-eabivle-4_9/bin/../lib/gcc/powerpc-eabivle/4.9.4/e200z4/fp/ecrtn.o
 *(.sbss2.*)

.rela.dyn       0x40000020        0x0 load address 0x01003e38
 .rela.iplt     0x40000020        0x0 c:/nxp/s32ds_power_v2.1/s32ds/build_tools/powerpc-eabivle-4_9/bin/../lib/gcc/powerpc-eabivle/4.9.4/e200z4/fp/crtbegin.o
 .rela.text     0x40000020        0x0 c:/nxp/s32ds_power_v2.1/s32ds/build_tools/powerpc-eabivle-4_9/bin/../lib/gcc/powerpc-eabivle/4.9.4/e200z4/fp/crtbegin.o
 .rela.text.CAN_read_data_SPI_0
                0x40000020        0x0 c:/nxp/s32ds_power_v2.1/s32ds/build_tools/powerpc-eabivle-4_9/bin/../lib/gcc/powerpc-eabivle/4.9.4/e200z4/fp/crtbegin.o
 .rela.text.InitINTC
                0x40000020        0x0 c:/nxp/s32ds_power_v2.1/s32ds/build_tools/powerpc-eabivle-4_9/bin/../lib/gcc/powerpc-eabivle/4.9.4/e200z4/fp/crtbegin.o
 .rela.text.xcptn_xmpl
                0x40000020        0x0 c:/nxp/s32ds_power_v2.1/s32ds/build_tools/powerpc-eabivle-4_9/bin/../lib/gcc/powerpc-eabivle/4.9.4/e200z4/fp/crtbegin.o
 .rela.text.read_data_SPI_0
                0x40000020        0x0 c:/nxp/s32ds_power_v2.1/s32ds/build_tools/powerpc-eabivle-4_9/bin/../lib/gcc/powerpc-eabivle/4.9.4/e200z4/fp/crtbegin.o
 .rela.got2     0x40000020        0x0 c:/nxp/s32ds_power_v2.1/s32ds/build_tools/powerpc-eabivle-4_9/bin/../lib/gcc/powerpc-eabivle/4.9.4/e200z4/fp/crtbegin.o

.sdata          0x40000020        0x2 load address 0x01003e38
 *(.sdata)
 .sdata         0x40000020        0x0 c:/nxp/s32ds_power_v2.1/s32ds/build_tools/powerpc-eabivle-4_9/bin/../lib/gcc/powerpc-eabivle/4.9.4/e200z4/fp/ecrti.o
                0x40000020                __SDATA_START__
 .sdata         0x40000020        0x0 c:/nxp/s32ds_power_v2.1/s32ds/build_tools/powerpc-eabivle-4_9/bin/../lib/gcc/powerpc-eabivle/4.9.4/e200z4/fp/crtbegin.o
                0x40008020                _SDA_BASE_
 *(.sdata.*)
 .sdata.pwm_smoke_duty_dbg
                0x40000020        0x2 ./src/pwm_smoke_test.o
                0x40000020                pwm_smoke_duty_dbg

.bss            0x40000024       0x30 load address 0x01003e3a
                0x40000024                __BSS_START = .
 *(.sbss)
 .sbss          0x40000024        0x0 c:/nxp/s32ds_power_v2.1/s32ds/build_tools/powerpc-eabivle-4_9/bin/../lib/gcc/powerpc-eabivle/4.9.4/e200z4/fp/crtbegin.o
 .sbss          0x40000024        0x4 ./src/CAN.o
                0x40000024                data
 .sbss          0x40000028        0x0 c:/nxp/s32ds_power_v2.1/s32ds/build_tools/powerpc-eabivle-4_9/bin/../lib/gcc/powerpc-eabivle/4.9.4/e200z4/fp/ecrtn.o
                0x40000028                __SBSS_END__
 *(.sbss.*)
 .sbss.can_tx_last
                0x40000028        0x1 ./src/can_globals.o
                0x40000028                can_tx_last
 .sbss.can_rx_last
                0x40000029        0x1 ./src/can_globals.o
                0x40000029                can_rx_last
 *fill*         0x4000002a        0x2 
 .sbss.can_iflag_snapshot
                0x4000002c        0x4 ./src/can_globals.o
                0x4000002c                can_iflag_snapshot
 .sbss.pwm_cnt_snapshot
                0x40000030        0x2 ./src/pwm_smoke_test.o
                0x40000030                pwm_cnt_snapshot
 *(.bss)
 *fill*         0x40000032        0x2 
 .bss           0x40000034       0x20 c:/nxp/s32ds_power_v2.1/s32ds/build_tools/powerpc-eabivle-4_9/bin/../lib/gcc/powerpc-eabivle/4.9.4/e200z4/fp/crtbegin.o
 *(.bss.*)
 *(COMMON)
                0x40000054                __BSS_END = .

.iplt           0x40000060        0x0 load address 0x01003e3a
 .iplt          0x40000060        0x0 c:/nxp/s32ds_power_v2.1/s32ds/build_tools/powerpc-eabivle-4_9/bin/../lib/gcc/powerpc-eabivle/4.9.4/e200z4/fp/crtbegin.o

.stack          0x50800000     0x1004
                0x50800000                __HEAP = .
                [!provide]                PROVIDE (_end, .)
                [!provide]                PROVIDE (end, .)
                0x50800000                . = (. + __HEAP_SIZE)
                0x50800000                __HEAP_END = .
                0x50800000                _stack_end = .
                0x50801000                . = (. + __STACK_SIZE)
 *fill*         0x50800000     0x1000 
                0x50801000                _stack_addr = .
                0x50801000                __SP_INIT = .
                0x50801004                . = (. + 0x4)
 *fill*         0x50801000        0x4 
                0x40000000                __DATA_SRAM_ADDR = ADDR (.data)
                0x40000020                __SDATA_SRAM_ADDR = ADDR (.sdata)
                0x00000020                __DATA_SIZE = SIZEOF (.data)
                0x00000002                __SDATA_SIZE = SIZEOF (.sdata)
                0x01003e18                __DATA_ROM_ADDR = LOADADDR (.data)
                0x01003e38                __SDATA_ROM_ADDR = LOADADDR (.sdata)
                0x00060000                __SRAM_SIZE = SRAM_SIZE
                0x40000000                __SRAM_BASE_ADDR = SRAM_BASE_ADDR
                0x00010000                __LOCAL_DMEM_SIZE = LOCALDMEM_SIZE
                0x50800000                __LOCAL_DMEM_BASE_ADDR = LOCALDMEM_BASE_ADDR
                0x00000030                __BSS_SIZE = (__BSS_END - __BSS_START)
OUTPUT(evbus.elf elf32-powerpc)

.comment        0x00000000       0x9c
 .comment       0x00000000        0xd c:/nxp/s32ds_power_v2.1/s32ds/build_tools/powerpc-eabivle-4_9/bin/../lib/gcc/powerpc-eabivle/4.9.4/e200z4/fp/ecrti.o
                                  0xe (size before relaxing)
 .comment       0x0000000d       0x82 c:/nxp/s32ds_power_v2.1/s32ds/build_tools/powerpc-eabivle-4_9/bin/../lib/gcc/powerpc-eabivle/4.9.4/e200z4/fp/crtbegin.o
                                 0x83 (size before relaxing)
 .comment       0x0000008f       0x83 ./src/ADC.o
 .comment       0x0000008f       0x83 ./src/CAN.o
 .comment       0x0000008f       0x83 ./src/MPC57xx__Interrupt_Init.o
 .comment       0x0000008f       0x83 ./src/PWM.o
 .comment       0x0000008f       0x83 ./src/SPI.o
 .comment       0x0000008f       0x83 ./src/Vector.o
 .comment       0x0000008f       0x83 ./src/adc_smoke_test.o
 .comment       0x0000008f       0x83 ./src/can_globals.o
 .comment       0x0000008f       0x83 ./src/can_smoke_test.o
 .comment       0x0000008f       0x83 ./src/flashrchw.o
 .comment       0x0000008f       0x83 ./src/intc_SW_mode_isr_vectors_MPC5744P.o
 .comment       0x0000008f       0x83 ./src/main.o
 .comment       0x0000008f       0x83 ./src/main_integration.o
 .comment       0x0000008f       0x83 ./src/pwm_smoke_test.o
 .comment       0x0000008f       0x83 ./src/spi_smoke_test.o
 .comment       0x0000008f       0x83 c:/nxp/s32ds_power_v2.1/s32ds/build_tools/powerpc-eabivle-4_9/bin/../lib/gcc/powerpc-eabivle/4.9.4/e200z4/fp/crtend.o
 .comment       0x0000008f        0xd c:/nxp/s32ds_power_v2.1/s32ds/build_tools/powerpc-eabivle-4_9/bin/../lib/gcc/powerpc-eabivle/4.9.4/e200z4/fp/ecrtn.o
                                  0xe (size before relaxing)

.PPC.EMB.apuinfo
                0x00000000       0x18
 .PPC.EMB.apuinfo
                0x00000000       0x18 c:/nxp/s32ds_power_v2.1/s32ds/build_tools/powerpc-eabivle-4_9/bin/../lib/gcc/powerpc-eabivle/4.9.4/e200z4/fp/ecrti.o
 .PPC.EMB.apuinfo
                0x00000018       0x18 c:/nxp/s32ds_power_v2.1/s32ds/build_tools/powerpc-eabivle-4_9/bin/../lib/gcc/powerpc-eabivle/4.9.4/e200z4/fp/crtbegin.o
 .PPC.EMB.apuinfo
                0x00000030       0x18 ./Project_Settings/Startup_Code/startup.o
 .PPC.EMB.apuinfo
                0x00000048       0x18 ./src/ADC.o
 .PPC.EMB.apuinfo
                0x00000060       0x18 ./src/CAN.o
 .PPC.EMB.apuinfo
                0x00000078       0x18 ./src/MPC57xx__Interrupt_Init.o
 .PPC.EMB.apuinfo
                0x00000090       0x18 ./src/PWM.o
 .PPC.EMB.apuinfo
                0x000000a8       0x18 ./src/SPI.o
 .PPC.EMB.apuinfo
                0x000000c0       0x18 ./src/Vector.o
 .PPC.EMB.apuinfo
                0x000000d8       0x18 ./src/adc_smoke_test.o
 .PPC.EMB.apuinfo
                0x000000f0       0x18 ./src/can_smoke_test.o
 .PPC.EMB.apuinfo
                0x00000108       0x18 ./src/intc_SW_mode_isr_vectors_MPC5744P.o
 .PPC.EMB.apuinfo
                0x00000120       0x18 ./src/intc_sw_handlers.o
 .PPC.EMB.apuinfo
                0x00000138       0x18 ./src/main.o
 .PPC.EMB.apuinfo
                0x00000150       0x18 ./src/main_integration.o
 .PPC.EMB.apuinfo
                0x00000168       0x18 ./src/pwm_smoke_test.o
 .PPC.EMB.apuinfo
                0x00000180       0x18 ./src/spi_smoke_test.o
 .PPC.EMB.apuinfo
                0x00000198       0x18 c:/nxp/s32ds_power_v2.1/s32ds/build_tools/powerpc-eabivle-4_9/bin/../lib/gcc/powerpc-eabivle/4.9.4/e200z4/fp\libgcc.a(eabivle.o)
 .PPC.EMB.apuinfo
                0x000001b0       0x18 c:/nxp/s32ds_power_v2.1/s32ds/build_tools/powerpc-eabivle-4_9/bin/../lib/gcc/powerpc-eabivle/4.9.4/e200z4/fp/crtend.o
 .PPC.EMB.apuinfo
                0x000001c8       0x18 c:/nxp/s32ds_power_v2.1/s32ds/build_tools/powerpc-eabivle-4_9/bin/../lib/gcc/powerpc-eabivle/4.9.4/e200z4/fp/ecrtn.o

.debug_line     0x00000000     0x2437
 .debug_line    0x00000000       0xe1 ./Project_Settings/Startup_Code/startup.o
 .debug_line    0x000000e1      0x21c ./src/ADC.o
 .debug_line    0x000002fd      0x397 ./src/CAN.o
 .debug_line    0x00000694      0x246 ./src/MPC57xx__Interrupt_Init.o
 .debug_line    0x000008da      0x23f ./src/PWM.o
 .debug_line    0x00000b19      0x24d ./src/SPI.o
 .debug_line    0x00000d66       0xe4 ./src/Vector.o
 .debug_line    0x00000e4a      0x230 ./src/adc_smoke_test.o
 .debug_line    0x0000107a      0x183 ./src/can_globals.o
 .debug_line    0x000011fd      0x250 ./src/can_smoke_test.o
 .debug_line    0x0000144d      0x1b9 ./src/flashrchw.o
 .debug_line    0x00001606      0x1e6 ./src/intc_SW_mode_isr_vectors_MPC5744P.o
 .debug_line    0x000017ec       0x5d ./src/intc_sw_handlers.o
 .debug_line    0x00001849      0x3e1 ./src/main.o
 .debug_line    0x00001c2a      0x395 ./src/main_integration.o
 .debug_line    0x00001fbf      0x215 ./src/pwm_smoke_test.o
 .debug_line    0x000021d4      0x263 ./src/spi_smoke_test.o

.debug_info     0x00000000    0x35108
 .debug_info    0x00000000       0x79 ./Project_Settings/Startup_Code/startup.o
 .debug_info    0x00000079     0x73bf ./src/ADC.o
 .debug_info    0x00007438     0x6888 ./src/CAN.o
 .debug_info    0x0000dcc0      0x5d8 ./src/MPC57xx__Interrupt_Init.o
 .debug_info    0x0000e298     0x5cdd ./src/PWM.o
 .debug_info    0x00013f75     0x5465 ./src/SPI.o
 .debug_info    0x000193da       0x21 ./src/Vector.o
 .debug_info    0x000193fb     0x2874 ./src/adc_smoke_test.o
 .debug_info    0x0001bc6f       0xb4 ./src/can_globals.o
 .debug_info    0x0001bd23     0x1192 ./src/can_smoke_test.o
 .debug_info    0x0001ceb5       0x93 ./src/flashrchw.o
 .debug_info    0x0001cf48       0xb4 ./src/intc_SW_mode_isr_vectors_MPC5744P.o
 .debug_info    0x0001cffc       0x68 ./src/intc_sw_handlers.o
 .debug_info    0x0001d064     0x8dcc ./src/main.o
 .debug_info    0x00025e30     0x8d2b ./src/main_integration.o
 .debug_info    0x0002eb5b     0x1141 ./src/pwm_smoke_test.o
 .debug_info    0x0002fc9c     0x546c ./src/spi_smoke_test.o

.debug_abbrev   0x00000000     0x11ee
 .debug_abbrev  0x00000000       0x14 ./Project_Settings/Startup_Code/startup.o
 .debug_abbrev  0x00000014      0x12e ./src/ADC.o
 .debug_abbrev  0x00000142      0x1e0 ./src/CAN.o
 .debug_abbrev  0x00000322      0x16e ./src/MPC57xx__Interrupt_Init.o
 .debug_abbrev  0x00000490      0x14f ./src/PWM.o
 .debug_abbrev  0x000005df      0x162 ./src/SPI.o
 .debug_abbrev  0x00000741       0x13 ./src/Vector.o
 .debug_abbrev  0x00000754      0x183 ./src/adc_smoke_test.o
 .debug_abbrev  0x000008d7       0x4e ./src/can_globals.o
 .debug_abbrev  0x00000925      0x155 ./src/can_smoke_test.o
 .debug_abbrev  0x00000a7a       0x4e ./src/flashrchw.o
 .debug_abbrev  0x00000ac8       0x7c ./src/intc_SW_mode_isr_vectors_MPC5744P.o
 .debug_abbrev  0x00000b44       0x14 ./src/intc_sw_handlers.o
 .debug_abbrev  0x00000b58      0x20d ./src/main.o
 .debug_abbrev  0x00000d65      0x1bf ./src/main_integration.o
 .debug_abbrev  0x00000f24      0x15b ./src/pwm_smoke_test.o
 .debug_abbrev  0x0000107f      0x16f ./src/spi_smoke_test.o

.debug_aranges  0x00000000      0x378
 .debug_aranges
                0x00000000       0x20 ./Project_Settings/Startup_Code/startup.o
 .debug_aranges
                0x00000020       0x30 ./src/ADC.o
 .debug_aranges
                0x00000050       0x68 ./src/CAN.o
 .debug_aranges
                0x000000b8       0x38 ./src/MPC57xx__Interrupt_Init.o
 .debug_aranges
                0x000000f0       0x30 ./src/PWM.o
 .debug_aranges
                0x00000120       0x38 ./src/SPI.o
 .debug_aranges
                0x00000158       0x18 ./src/Vector.o
 .debug_aranges
                0x00000170       0x38 ./src/adc_smoke_test.o
 .debug_aranges
                0x000001a8       0x18 ./src/can_globals.o
 .debug_aranges
                0x000001c0       0x28 ./src/can_smoke_test.o
 .debug_aranges
                0x000001e8       0x18 ./src/flashrchw.o
 .debug_aranges
                0x00000200       0x20 ./src/intc_SW_mode_isr_vectors_MPC5744P.o
 .debug_aranges
                0x00000220       0x20 ./src/intc_sw_handlers.o
 .debug_aranges
                0x00000240       0x70 ./src/main.o
 .debug_aranges
                0x000002b0       0x68 ./src/main_integration.o
 .debug_aranges
                0x00000318       0x28 ./src/pwm_smoke_test.o
 .debug_aranges
                0x00000340       0x38 ./src/spi_smoke_test.o

.debug_ranges   0x00000000      0x230
 .debug_ranges  0x00000000       0x20 ./src/ADC.o
 .debug_ranges  0x00000020       0x58 ./src/CAN.o
 .debug_ranges  0x00000078       0x28 ./src/MPC57xx__Interrupt_Init.o
 .debug_ranges  0x000000a0       0x20 ./src/PWM.o
 .debug_ranges  0x000000c0       0x28 ./src/SPI.o
 .debug_ranges  0x000000e8       0x28 ./src/adc_smoke_test.o
 .debug_ranges  0x00000110       0x18 ./src/can_smoke_test.o
 .debug_ranges  0x00000128       0x10 ./src/intc_SW_mode_isr_vectors_MPC5744P.o
 .debug_ranges  0x00000138       0x60 ./src/main.o
 .debug_ranges  0x00000198       0x58 ./src/main_integration.o
 .debug_ranges  0x000001f0       0x18 ./src/pwm_smoke_test.o
 .debug_ranges  0x00000208       0x28 ./src/spi_smoke_test.o

.debug_macro    0x00000000     0xcce5
 .debug_macro   0x00000000       0xb8 ./src/ADC.o
 .debug_macro   0x000000b8      0x61c ./src/ADC.o
 .debug_macro   0x000006d4       0x52 ./src/ADC.o
 .debug_macro   0x00000726       0xa0 ./src/ADC.o
 .debug_macro   0x000007c6       0x16 ./src/ADC.o
 .debug_macro   0x000007dc       0x5e ./src/ADC.o
 .debug_macro   0x0000083a      0x1aa ./src/ADC.o
 .debug_macro   0x000009e4      0x13a ./src/ADC.o
 .debug_macro   0x00000b1e       0x9d ./src/ADC.o
 .debug_macro   0x00000bbb       0x10 ./src/ADC.o
 .debug_macro   0x00000bcb      0x15b ./src/ADC.o
 .debug_macro   0x00000d26       0x28 ./src/ADC.o
 .debug_macro   0x00000d4e       0x58 ./src/ADC.o
 .debug_macro   0x00000da6     0xb50a ./src/ADC.o
 .debug_macro   0x0000c2b0      0x100 ./src/CAN.o
 .debug_macro   0x0000c3b0       0xd1 ./src/MPC57xx__Interrupt_Init.o
 .debug_macro   0x0000c481       0x2e ./src/MPC57xx__Interrupt_Init.o
 .debug_macro   0x0000c4af       0xb2 ./src/PWM.o
 .debug_macro   0x0000c561       0xb6 ./src/SPI.o
 .debug_macro   0x0000c617       0x41 ./src/Vector.o
 .debug_macro   0x0000c658       0xb8 ./src/adc_smoke_test.o
 .debug_macro   0x0000c710       0x97 ./src/can_globals.o
 .debug_macro   0x0000c7a7       0xbc ./src/can_smoke_test.o
 .debug_macro   0x0000c863       0xd1 ./src/flashrchw.o
 .debug_macro   0x0000c934       0xa1 ./src/intc_SW_mode_isr_vectors_MPC5744P.o
 .debug_macro   0x0000c9d5       0xd6 ./src/main.o
 .debug_macro   0x0000caab       0xd2 ./src/main_integration.o
 .debug_macro   0x0000cb7d       0xb2 ./src/pwm_smoke_test.o
 .debug_macro   0x0000cc2f       0xb6 ./src/spi_smoke_test.o

.debug_str      0x00000000    0x3c718
 .debug_str     0x00000000    0x3a6b7 ./src/ADC.o
                              0x3a8f2 (size before relaxing)
 .debug_str     0x0003a6b7      0xe67 ./src/CAN.o
                              0x3a533 (size before relaxing)
 .debug_str     0x0003b51e      0x41f ./src/MPC57xx__Interrupt_Init.o
                              0x376b3 (size before relaxing)
 .debug_str     0x0003b93d      0x9e0 ./src/PWM.o
                              0x3a098 (size before relaxing)
 .debug_str     0x0003c31d       0x27 ./src/SPI.o
                              0x39a67 (size before relaxing)
 .debug_str     0x0003c344       0x75 ./src/Vector.o
                               0x24a5 (size before relaxing)
 .debug_str     0x0003c3b9       0x57 ./src/adc_smoke_test.o
                              0x38502 (size before relaxing)
 .debug_str     0x0003c410       0x40 ./src/can_globals.o
                               0x3a49 (size before relaxing)
 .debug_str     0x0003c450       0x5b ./src/can_smoke_test.o
                              0x37aa9 (size before relaxing)
 .debug_str     0x0003c4ab       0xe1 ./src/flashrchw.o
                               0x3af0 (size before relaxing)
 .debug_str     0x0003c58c       0x31 ./src/intc_SW_mode_isr_vectors_MPC5744P.o
                               0x3a5c (size before relaxing)
 .debug_str     0x0003c5bd       0x85 ./src/main.o
                              0x3b598 (size before relaxing)
 .debug_str     0x0003c642       0x6a ./src/main_integration.o
                              0x3b53b (size before relaxing)
 .debug_str     0x0003c6ac       0x54 ./src/pwm_smoke_test.o
                              0x37cb4 (size before relaxing)
 .debug_str     0x0003c700       0x18 ./src/spi_smoke_test.o
                              0x39a6c (size before relaxing)

.debug_frame    0x00000000      0x8d8
 .debug_frame   0x00000000       0x7c ./src/ADC.o
 .debug_frame   0x0000007c      0x178 ./src/CAN.o
 .debug_frame   0x000001f4       0xa0 ./src/MPC57xx__Interrupt_Init.o
 .debug_frame   0x00000294       0x7c ./src/PWM.o
 .debug_frame   0x00000310       0xa0 ./src/SPI.o
 .debug_frame   0x000003b0       0xa0 ./src/adc_smoke_test.o
 .debug_frame   0x00000450       0x58 ./src/can_smoke_test.o
 .debug_frame   0x000004a8       0x2c ./src/intc_SW_mode_isr_vectors_MPC5744P.o
 .debug_frame   0x000004d4      0x194 ./src/main.o
 .debug_frame   0x00000668      0x178 ./src/main_integration.o
 .debug_frame   0x000007e0       0x58 ./src/pwm_smoke_test.o
 .debug_frame   0x00000838       0xa0 ./src/spi_smoke_test.o
